// Jest Snapshot v1, https://goo.gl/fbAQLP

exports[`SearchBar Component renders correctly and matches the snapshot 1`] = `
<DocumentFragment>
  <div
    class="search-bar-container"
  >
    <input
      placeholder="Enter ICAO airport code"
      type="text"
      value=""
    />
    <button>
      Search
    </button>
  </div>
</DocumentFragment>
`;
